54.36.149.41 - - [22/Jan/2019:03:56:14 +0330] "GET /filter/27|13%20%D9%85%DA%AF%D8%A7%D9%BE%DB%8C%DA%A9%D8%B3%D9%84,27|%DA%A9%D9%85%D8%AA%D8%B1%20%D8%A7%D8%B2%205%20%D9%85%DA%AF%D8%A7%D9%BE%DB%8C%DA%A9%D8%B3%D9%84,p53 HTTP/1.1" 200 30577 "-" "Mozilla/5.0 (compatible; AhrefsBot/6.1; +http://ahrefs.com/robot/)" "-"
54.36.149.41 - - [22/Jan/2019:03:56:14 +0330] "GET /filter/27|13%20%D9%85%DA%AF%D8%A7%D9%BE%DB%8C%DA%A9%D8%B3%D9%84,27|%DA%A9%D9%85%D8%AA%D8%B1%20%D8%A7%D8%B2%205%20%D9%85%DA%AF%D8%A7%D9%BE%DB%8C%DA%A9%D8%B3%D9%84,p53 HTTP/1.1" 200 30577 "-" "Mozilla/5.0 (compatible; AhrefsBot/6.1; +http://ahrefs.com/robot/)" "-"
31.56.96.51 - - [22/Jan/2019:03:56:16 +0330] "GET /image/60844/productModel/200x200 HTTP/1.1" 200 5667 "https://www.zanbil.ir/m/filter/b113" "Mozilla/5.0 (Linux; Android 6.0; ALE-L21 Build/HuaweiALE-L21) AppleWebKit/537.36 (KHTML, like Gecko) Chrome/66.0.3359.158 Mobile Safari/537.36" "-"
31.56.96.51 - - [22/Jan/2019:03:56:16 +0330] "GET /image/61474/productModel/200x200
HTTP/1.1" 200 5379 "https://www.zanbil.ir/m/filter/b113" "Mozilla/5.0 (Linux; Android 6.0; ALE-L21 Build/HuaweiALE-L21) AppleWebKit/537.36 (KHTML, like Gecko) Chrome/66.0.3359.158 Mobile Safari/537.36" "-"
40.77.167.129 - - [22/Jan/2019:03:56:17 +0330] "GET /image/14925/productModel/100x100 HTTP/1.1" 200 1696 "-" "Mozilla/5.0 (compatible; bingbot/2.0; +http://www.bing.com/bingbot.htm)" "-"
91.99.72.15 - - [22/Jan/2019:03:56:17 +0330] "GET /product/31893/62100/%D8%B3%D8%B4%D9%88%D8%A7%D8%B1-%D8%AE%D8%A7%D9%86%DA%AF%DB%8C-%D9%BE%D8%B1%D9%86%D8%B3%D9%84%DB%8C-%D9%85%D8%AF%D9%84-PR257AT HTTP/1.1" 200 41483 "-" "Mozilla/5.0 (Windows NT 6.2; Win64; x64; rv:16.0)Gecko/16.0 Firefox/16.0" "-"
40.77.167.129 - - [22/Jan/2019:03:56:17 +0330] "GET /image/23488/productModel/150x150 HTTP/1.1" 200 2654 "-" "Mozilla/5.0 (compatible; bingbot/2.0; +http://www.bing.com/bingbot.htm)" "-"
40.77.167.129 - - [22/Jan/2019:03:56:18 +0330] "GET /image/45437/productModel/150x150 HTTP/1.1" 200 3688 "-" "Mozilla/5.0 (compatible; bingbot/2.0; +http://www.bing.com/bingbot.htm)" "-"
40.77.167.129 - - [22/Jan/2019:03:56:18 +0330] "GET /image/576/article/100x100 HTTP/1.1" 200 14776 "-" "Mozilla/5.0 (compatible; bingbot/2.0; +http://www.bing.com/bingbot.htm)" "-"
66.249.66.194 - - [22/Jan/2019:03:56:18 +0330] "GET /filter/b41,b665,c150%7C%D8%A8%D8%AE%D8%A7%D8%B1%D9%BE%D8%B2,p56 HTTP/1.1" 200 34277 "-" "Mozilla/5.0 (compatible; Googlebot/2.1; +http://www.google.com/bot.html)" "-"
40.77.167.129 - - [22/Jan/2019:03:56:18 +0330] "GET /image/57710/productModel/100x100 HTTP/1.1" 200 1695 "-" "Mozilla/5.0 (compatible; bingbot/2.0; +http://www.bing.com/bingbot.htm)" "-"
207.46.13.136 - - [22/Jan/2019:03:56:18 +0330] "GET /product/10214 HTTP/1.1" 200 39677 "-" "Mozilla/5.0 (compatible; bingbot/2.0; +http://www.bing.com/bingbot.htm)" "-"
40.77.167.129 - - [22/Jan/2019:03:56:19 +0330] "GET /image/578/article/100x100 HTTP/1.1" 200 9831 "-" "Mozilla/5.0 (compatible; bingbot/2.0; +http://www.bing.com/bingbot.htm)" "-"
178.253.33.51 - - [22/Jan/2019:03:56:19 +0330] "GET /m/product/32574/62991/%D9%85%D8%A7%D8%B4%DB%8C%D9%86-%D8%A7%D8%B5%D9%84%D8%A7%D8%AD-%D8%B5%D9%88%D8%B1%D8%AA-%D9%BE%D8%B1%D9%86%D8%B3%D9%84%DB%8C-%D9%85%D8%AF%D9%84-PR465AT HTTP/1.1" 200 20406 "https://www.zanbil.ir/m/filter/p5767%2Ct156?name=%D9%85%D8%A7%D8%B4%DB%8C%D9%86-%D8%A7%D8%B5%D9%84%D8%A7%D8%AD&productType=electric-shavers" "Mozilla/5.0 (Linux; Android 5.1; HTC Desire 728 dual sim) AppleWebKit/537.36 (KHTML, like Gecko) Chrome/71.0.3578.83 Mobile Safari/537.36" "-"
40.77.167.129 - - [22/Jan/2019:03:56:19 +0330] "GET /image/6229/productModel/100x100 HTTP/1.1" 200 1796 "-" "Mozilla/5.0 (compatible; bingbot/2.0; +http://www.bing.com/bingbot.htm)" "-"
91.99.72.15 - - [22/Jan/2019:03:56:19 +0330] "GET /product/10075/13903/%D9%85%D8%A7%DB%8C%DA%A9%D8%B1%D9%88%D9%81%D8%B1-%D8%B1%D9%88%D9%85%DB%8C%D8%B2%DB%8C-%D8%B3%D8%A7%D9%85%D8%B3%D9%88%D9%86%DA%AF-%D9%85%D8%AF%D9%84-CE288 HTTP/1.1" 200 41725 "-" "Mozilla/5.0 (X11; Linux x86_64) AppleWebKit/537.36 (KHTML, like Gecko) Chrome/53.0.2785.92 Safari/537.36" "-"
40.77.167.129 - - [22/Jan/2019:03:56:19 +0330] "GET /image/6229/productModel/150x150 HTTP/1.1" 200 2739 "-" "Mozilla/5.0 (compatible; bingbot/2.0; +http://www.bing.com/bingbot.htm)" "-"
207.46.13.136 - - [22/Jan/2019:03:56:19 +0330] "GET /product/14926 HTTP/1.1" 404 33617 "-" "Mozilla/5.0 (compatible; bingbot/2.0; +http://www.bing.com/bingbot.htm)" "-"
40.77.167.129 - - [22/Jan/2019:03:56:19 +0330] "GET /image/6248/productModel/150x150 HTTP/1.1" 200 2788 "-" "Mozilla/5.0 (compatible; bingbot/2.0; +http://www.bing.com/bingbot.htm)" "-"
40.77.167.129 - - [22/Jan/2019:03:56:20 +0330] "GET /image/64815/productModel/150x150 HTTP/1.1" 200 3481 "-" "Mozilla/5.0 (compatible; bingbot/2.0; +http://www.bing.com/bingbot.htm)" "-"
66.249.66.194 - - [22/Jan/2019:03:56:20 +0330] "GET /m/filter/b2,p6 HTTP/1.1" 200 19451 "-" "Mozilla/5.0 (Linux; Android 6.0.1; Nexus 5X Build/MMB29P) AppleWebKit/537.36 (KHTML, like Gecko) Chrome/41.0.2272.96 Mobile Safari/537.36 (compatible; Googlebot/2.1; +http://www.google.com/bot.html)" "-"
130.185.74.243 - - [22/Jan/2019:03:58:42 +0330] "GET /filter/stexists,p18560 HTTP/1.1" 200 30657 "-" "Mozilla/5.0 (Windows NT 6.1; rv:42.0) Gecko/20100101 Firefox/42.0" "-"
54.36.148.137 - - [22/Jan/2019:03:58:42 +0330] "GET /filter/p5%2Cv626%7C8%20%D8%A8%D8%B1%D9%86%D8%A7%D9%85%D9%87%2Ct35 HTTP/1.1" 200 32880 "-" "Mozilla/5.0 (compatible; AhrefsBot/6.1; +http://ahrefs.com/robot/)" "-"
130.185.74.243 - - [22/Jan/2019:03:58:43 +0330] "GET /filter/stexists,p8393,b80 HTTP/1.1" 200 31678 "-" "Mozilla/5.0 (Windows NT 6.1; rv:42.0) Gecko/20100101 Firefox/42.0" "-"
5.115.150.169 - - [22/Jan/2019:03:58:43 +0330] "GET /image/32278?name=24f390fhn-11.jpg&wh=200x200 HTTP/1.1" 200 10039 "-" "torob/5 CFNetwork/976 Darwin/18.2.0" "-"
5.123.232.17 - - [22/Jan/2019:03:58:43 +0330] "GET /image/27142?name=mdn76.jpg&wh=200x200 HTTP/1.1" 200 3294 "-" "Dalvik/2.1.0 (Linux; U; Android 5.0.2; SM-A300H Build/LRX22G)" "-"
130.185.74.243 - - [22/Jan/2019:03:58:44 +0330] "GET /product/33417/65382/%D8%B3%D8%A7%D8%B9%D8%AA-%D8%B9%D9%82%D8%B1%D8%A8%D9%87-%D8%A7%DB%8C-%D8%AF%DB%8C%D8%AC%DB%8C%D8%AA%D8%A7%D9%84-%D8%A7%D8%B3%D9%BE%D8%B1%D8%AA-CASIO-%D9%85%D8%AF%D9%84-GA-110RG-7ADR HTTP/1.1" 200 42449 "-" "Mozilla/5.0 (Windows NT 6.1; rv:42.0) Gecko/20100101 Firefox/42.0" "-"
66.249.66.194 - - [22/Jan/2019:03:58:45 +0330] "GET /m/browse/hood/%D9%87%D9%88%D8%AF HTTP/1.1" 200 18921 "-" "Mozilla/5.0 (Linux; Android 6.0.1; Nexus 5X Build/MMB29P) AppleWebKit/537.36 (KHTML, like Gecko) Chrome/41.0.2272.96 Mobile Safari/537.36 (compatible; Googlebot/2.1; +http://www.google.com/bot.html)" "-"
66.249.66.194 - - [22/Jan/2019:03:58:45 +0330] "GET /m/filter/b215,p9 HTTP/1.1" 200 18445 "-" "Mozilla/5.0 (Linux; Android 6.0.1; Nexus 5X Build/MMB29P) AppleWebKit/537.36 (KHTML, like Gecko) Chrome/41.0.2272.96 Mobile Safari/537.36 (compatible; Googlebot/2.1; +http://www.google.com/bot.html)" "-"
130.185.74.243 - - [22/Jan/2019:03:58:45 +0330] "GET /product/33384/65380/%D8%B3%D8%A7%D8%B9%D8%AA-%D8%B9%D9%82%D8%B1%D8%A8%D9%87-%D8%A7%DB%8C-%D8%AF%DB%8C%D8%AC%DB%8C%D8%AA%D8%A7%D9%84-%D9%85%D8%B1%D8%AF%D8%A7%D9%86%D9%87-CASIO-%D9%85%D8%AF%D9%84-GA-1000-1BDR HTTP/1.1" 200 42100 "-" "Mozilla/5.0 (Windows NT 6.1; rv:42.0) Gecko/20100101 Firefox/42.0" "-"
66.249.66.91 - - [22/Jan/2019:03:58:45 +0330] "GET /filter/b703%2Cb36%2Cb41%2Cb598%2Cb168%2Cb103%2Cb614%2Cb88%2Cb19%2Cb194%2Cb321%2Cb5%2Cb261%2Cb442%2Cb484%2Cb723%2Cb573%2Cb192%2Cb724%2Cb1%2Cb435%2Cb183%2Cb542%2Cb135%2Cb878%2Cb63%2Cb497%2Cb619%2Cb219%2Cb74%2Cb151%2Cb441%2Cb568%2Cb880%2Cb647%2Cb185%2Cb584%2Cb224%2Cb213%2Cb50%2Cb3%2Cb231%2Cb99%2Cb238%2Cb82%2Cb215%2Cb95%2Cb218?page=11 HTTP/1.1" 200 41223 "-" "Mozilla/5.0 (compatible; Googlebot/2.1; +http://www.google.com/bot.html)" "-"
130.185.74.243 - - [22/Jan/2019:03:58:45 +0330] "GET /image/65382/productModel/150x150 HTTP/1.1" 200 4210 "-" "Mozilla/5.0 (Windows NT 6.1; rv:42.0) Gecko/20100101 Firefox/42.0" "-"
207.46.13.136 - - [22/Jan/2019:03:58:45 +0330] "GET /filter/b103,b111,b153 HTTP/1.1" 200 36993 "-" "Mozilla/5.0 (compatible; bingbot/2.0; +http://www.bing.com/bingbot.htm)" "-"
130.185.74.243 - - [22/Jan/2019:03:58:45 +0330] "GET /image/65380/productModel/150x150 HTTP/1.1" 200 5157 "-" "Mozilla/5.0 (Windows NT 6.1; rv:42.0) Gecko/20100101 Firefox/42.0" "-"
130.185.74.243 - - [22/Jan/2019:03:58:47 +0330] "GET /filter/stexists,p8393,b80?page=1 HTTP/1.1" 200 30041 "-" "Mozilla/5.0 (Windows NT 6.1; rv:42.0) Gecko/20100101 Firefox/42.0" "-"
66.249.66.91 - - [22/Jan/2019:03:58:47 +0330] "GET /filter/b656%2Cb703%2Cb32%2Cb67%2Cb226%2Cb41%2Cb598%2Cb168%2Cb723%2Cb597%2Cb88%2Cb548%2Cb6%2Cb679%2Cb215%2Cb105%2Cb194%2Cb74%2Cb542%2Cb35%2Cb113%2Cb820%2Cb574%2Cb442%2Cb880%2Cb645%2Cb724%2Cb118%2Cb482%2Cb400%2Cb135%2Cb249%2Cb435%2Cb221%2Cb523%2Cb854%2Cb126%2Cstexists%2Cb216%2Cb217%2Cb152%2Cb99%2Cb188%2Cb209%2Cb192%2Cb213%2Cb136%2Cb218%2Cb4%2Cb648%2Cb454?page=1 HTTP/1.1" 200 41203 "-" "Mozilla/5.0 (compatible; Googlebot/2.1; +http://www.google.com/bot.html)" "-"
66.249.66.194 - - [22/Jan/2019:03:58:47 +0330] "GET /product/8369/%D8%A8%D8%AE%D8%A7%D8%B1%DB%8C-%DA%AF%D8%A7%D8%B2%DB%8C-%D8%A8%D8%AF%D9%88%D9%86-%D8%AF%D9%88%D8%AF%DA%A9%D8%B4-%D9%BE%D9%84%D8%A7%D8%B1-%D9%85%D8%AF%D9%84-Polar-Gas-Heater-PN-3 HTTP/1.1" 302 0 "-" "Mozilla/5.0 (Linux; Android 6.0.1; Nexus 5X Build/MMB29P) AppleWebKit/537.36 (KHTML, like Gecko) Chrome/41.0.2272.96 Mobile Safari/537.36 (compatible; Googlebot/2.1; +http://www.google.com/bot.html)" "-"
207.46.13.136 - - [22/Jan/2019:03:58:47 +0330] "GET /filter/b1%2Cb36%2Cb200%2Cb244%2Cb615%2Cb126 HTTP/1.1" 200 37984 "-" "Mozilla/5.0 (compatible; bingbot/2.0; +http://www.bing.com/bingbot.htm)" "-"
66.249.66.91 - - [22/Jan/2019:03:58:48 +0330] "GET /filter/b481%2Cb874%2Cb226%2Cb570%2Cb80%2Cb270%2Cb903%2Cb883%2Cb152%2Cb249%2Cb20%2Cb701%2Cb723%2Cb42%2Cb198%2Cb35%2Cb183%2Cb219%2Cb308%2Cb126%2Cb900%2Cb188%2Cb890%2Cb148%2Cb236%2Cb74%2Cb400%2Cb209%2Cb454%2Cb651%2Cb202%2Cb4%2Cb22%2Cb238%2Cb6%2Cb596%2Cb143%2Cb82%2Cb877%2Cb485%2Cb221%2Cb194%2Cb648%2Cb136%2Cb647%2Cb497%2Cb546%2Cb105%2Cb185%2Cb95%2Cb568%2Cb151%2Cb88%2Cb43%2Cb820%2Cb645%2Cb2%2Cb542%2Cb441%2Cb484%2Cb41%2Cb168%2Cb218%2Cb523%2Cb103%2Cb548%2Cb192%2Cb36%2Cp5935%2Cb499?page=3 HTTP/1.1" 200 39434 "-" "Mozilla/5.0 (compatible; Googlebot/2.1; +http://www.google.com/bot.html)" "-"
130.185.74.243 - - [22/Jan/2019:03:58:48 +0330] "GET /filter/stexists,p8393,b80?page=2 HTTP/1.1" 200 30077 "-" "Mozilla/5.0 (Windows NT 6.1; rv:42.0) Gecko/20100101 Firefox/42.0" "-"
207.46.13.115 - - [22/Jan/2019:03:58:48 +0330] "GET /image/20912?name=toop+sabz.jpg&wh=200x200 HTTP/1.1" 200 2800 "-" "Mozilla/5.0 (compatible; bingbot/2.0; +http://www.bing.com/bingbot.htm)" "-"
204.18.198.248 - - [22/Jan/2019:03:58:48 +0330] "GET /m/filter/p1233?page=1 HTTP/1.1" 200 19028 "https://www.zanbil.ir/m/browse/citrus-only-juicer/%D8%A2%D8%A8-%D9%BE%D8%B1%D8%AA%D9%82%D8%A7%D9%84-%DA%AF%DB%8C%D8%B1%DB%8C" "Mozilla/5.0 (iPhone; CPU iPhone OS 12_1 like Mac OS X) AppleWebKit/605.1.15 (KHTML, like Gecko) Version/12.0 Mobile/15E148 Safari/604.1" "-"
204.18.198.248 - - [22/Jan/2019:03:58:48 +0330] "GET /settings/logo HTTP/1.1" 200 4120 "https://www.zanbil.ir/m/filter/p1233?page=1" "Mozilla/5.0 (iPhone; CPU iPhone OS 12_1 like Mac OS X) AppleWebKit/605.1.15 (KHTML, like Gecko) Version/12.0 Mobile/15E148 Safari/604.1" "-"
207.46.13.115 - - [22/Jan/2019:03:58:48 +0330] "GET /image/47344/productModel/100x100 HTTP/1.1" 200 3157 "-" "Mozilla/5.0 (compatible; bingbot/2.0; +http://www.bing.com/bingbot.htm)" "-"
66.249.66.91 - - [22/Jan/2019:03:58:48 +0330] "GET /filter/b874%2Cb32%2Cb63%2Cb99%2Cb126%2Cb820%2Cb249%2Cb3%2Cb148%2Cb724%2Cb613%2Cb183%2Cb213%2Cb484%2Cb224%2Cb734%2Cb20%2Cb95%2Cb542%2Cb212%2Cb485%2Cb523%2Cb221%2Cb118%2Cb186%2Cb67?page=127 HTTP/1.1" 200 31266 "-" "Mozilla/5.0 (compatible; Googlebot/2.1; +http://www.google.com/bot.html)" "-"
207.46.13.115 - - [22/Jan/2019:03:58:48 +0330] "GET /image/47568/productModel/100x100 HTTP/1.1" 200 2317 "-" "Mozilla/5.0 (compatible; bingbot/2.0; +http://www.bing.com/bingbot.htm)" "-"
204.18.198.248 - - [22/Jan/2019:03:58:48 +0330] "GET /image/11384/productModel/200x200 HTTP/1.1" 200 3201 "https://www.zanbil.ir/m/filter/p1233?page=1" "Mozilla/5.0 (iPhone; CPU iPhone OS 12_1 like Mac OS X) AppleWebKit/605.1.15 (KHTML, like Gecko) Version/12.0 Mobile/15E148 Safari/604.1" "-"
204.18.198.248 - - [22/Jan/2019:03:58:48 +0330] "GET /image/2542/productModel/200x200 HTTP/1.1" 200 4939 "https://www.zanbil.ir/m/filter/p1233?page=1" "Mozilla/5.0 (iPhone; CPU iPhone OS 12_1 like Mac OS X) AppleWebKit/605.1.15 (KHTML, like Gecko) Version/12.0 Mobile/15E148 Safari/604.1" "-"
204.18.198.248 - - [22/Jan/2019:03:58:48 +0330] "GET /image/2690/productModel/200x200 HTTP/1.1" 200 4319 "https://www.zanbil.ir/m/filter/p1233?page=1" "Mozilla/5.0 (iPhone; CPU iPhone OS 12_1 like Mac OS X) AppleWebKit/605.1.15 (KHTML, like Gecko) Version/12.0 Mobile/15E148 Safari/604.1" "-"
204.18.198.248 - - [22/Jan/2019:03:58:48 +0330] "GET /image/29945/productModel/200x200 HTTP/1.1" 200 6235 "https://www.zanbil.ir/m/filter/p1233?page=1" "Mozilla/5.0 (iPhone; CPU iPhone OS 12_1 like Mac OS X) AppleWebKit/605.1.15 (KHTML, like Gecko) Version/12.0 Mobile/15E148 Safari/604.1" "-"
204.18.198.248 - - [22/Jan/2019:03:58:48 +0330] "GET /image/63228/productModel/200x200 HTTP/1.1" 200 5512 "https://www.zanbil.ir/m/filter/p1233?page=1" "Mozilla/5.0 (iPhone; CPU iPhone OS 12_1 like Mac OS X) AppleWebKit/605.1.15 (KHTML, like Gecko) Version/12.0 Mobile/15E148 Safari/604.1" "-"
204.18.198.248 - - [22/Jan/2019:03:58:49 +0330] "GET /image/63300/productModel/200x200 HTTP/1.1" 200 4901 "https://www.zanbil.ir/m/filter/p1233?page=1" "Mozilla/5.0 (iPhone; CPU iPhone OS 12_1 like Mac OS X) AppleWebKit/605.1.15 (KHTML, like Gecko) Version/12.0 Mobile/15E148 Safari/604.1" "-"
207.46.13.115 - - [22/Jan/2019:03:58:49 +0330] "GET /image/47573/productModel/100x100 HTTP/1.1" 200 2220 "-" "Mozilla/5.0 (compatible; bingbot/2.0; +http://www.bing.com/bingbot.htm)" "-"
204.18.198.248 - - [22/Jan/2019:03:58:49 +0330] "GET /image/60733/productModel/200x200 HTTP/1.1" 200 3815 "https://www.zanbil.ir/m/filter/p1233?page=1" "Mozilla/5.0 (iPhone; CPU iPhone OS 12_1 like Mac OS X) AppleWebKit/605.1.15 (KHTML, like Gecko) Version/12.0 Mobile/15E148 Safari/604.1" "-"
204.18.198.248 - - [22/Jan/2019:03:58:49 +0330] "GET /image/6408/productModel/200x200 HTTP/1.1" 200 4523 "https://www.zanbil.ir/m/filter/p1233?page=1" "Mozilla/5.0 (iPhone; CPU iPhone OS 12_1 like Mac OS X) AppleWebKit/605.1.15 (KHTML, like Gecko) Version/12.0 Mobile/15E148 Safari/604.1" "-"
130.185.74.243 - - [22/Jan/2019:03:58:49 +0330] "GET /filter/stexists,p8392,b80 HTTP/1.1" 200 30814 "-" "Mozilla/5.0 (Windows NT 6.1; rv:42.0) Gecko/20100101 Firefox/42.0" "-"
54.36.148.14 - - [22/Jan/2019:03:58:49 +0330] "GET /filter/p11673%2Cv1%7C%D8%A2%D8%A8%DB%8C%20%D9%86%D9%81%D8%AA%DB%8C%2Cv1%7C%D8%AE%D8%A7%DA%A9%D8%B3%D8%AA%D8%B1%DB%8C. HTTP/1.1" 200 32086 "-" "Mozilla/5.0 (compatible; AhrefsBot/6.1; +http://ahrefs.com/robot/)" "-"
66.249.66.194 - - [22/Jan/2019:03:58:49 +0330] "GET /product/14047 HTTP/1.1" 404 33559 "-" "Mozilla/5.0 (compatible; Googlebot/2.1; +http://www.google.com/bot.html)" "-"
5.160.157.20 - - [22/Jan/2019:03:58:50 +0330] "GET /filter?f=p12129&page=14 HTTP/1.1" 301 178 "-" "Mozilla/5.0 (Windows NT 5.1; rv:8.0) Gecko/20100101 Firefox/8.0" "-"
5.160.157.20 - - [22/Jan/2019:03:58:50 +0330] "GET /filter?f=p12129&page=19 HTTP/1.1" 301 178 "-" "Mozilla/5.0 (Windows NT 5.1; rv:8.0) Gecko/20100101 Firefox/8.0" "-"
204.18.198.248 - - [22/Jan/2019:03:58:50 +0330] "GET /image/2580/productModel/200x200 HTTP/1.1" 200 3791 "https://www.zanbil.ir/m/filter/p1233?page=1" "Mozilla/5.0 (iPhone; CPU iPhone OS 12_1 like Mac OS X) AppleWebKit/605.1.15 (KHTML, like Gecko) Version/12.0 Mobile/15E148 Safari/604.1" "-"
204.18.198.248 - - [22/Jan/2019:03:58:50 +0330] "GET /image/38612/productModel/200x200 HTTP/1.1" 200 6941 "https://www.zanbil.ir/m/filter/p1233?page=1" "Mozilla/5.0 (iPhone; CPU iPhone OS 12_1 like Mac OS X) AppleWebKit/605.1.15 (KHTML, like Gecko) Version/12.0 Mobile/15E148 Safari/604.1" "-"
207.46.13.115 - - [22/Jan/2019:03:58:50 +0330] "GET /image/52901/productModel/100x100 HTTP/1.1" 200 2244 "-" "Mozilla/5.0 (compatible; bingbot/2.0; +http://www.bing.com/bingbot.htm)" "-"
66.249.66.91 - - [22/Jan/2019:03:58:50 +0330] "GET /filter/b481%2Cb226%2Cb570%2Cb80%2Cb270%2Cb903%2Cb883%2Cb99%2Cb152%2Cb249%2Cb20%2Cb701%2Cb723%2Cb42%2Cb198%2Cb35%2Cb183%2Cb219%2Cb308%2Cb126%2Cb523%2Cb900%2Cb188%2Cb703%2Cb890%2Cb148%2Cb236%2Cb256%2Cb74%2Cb400%2Cb209%2Cb19%2Cb651%2Cb202%2Cb4%2Cb22%2Cb238%2Cb6%2Cb596%2Cb143%2Cb877%2Cb485%2Cb221%2Cb194%2Cb136%2Cb647%2Cb497%2Cb546%2Cb105%2Cb185%2Cb95%2Cb568%2Cb151%2Cb88%2Cb597%2Cb820%2Cb103%2Cb613%2Cb880%2Cb36%2Cb212%2Cb542%2Cb213%2Cb482?page=6 HTTP/1.1" 200 42157 "-" "Mozilla/5.0 (compatible; Googlebot/2.1; +http://www.google.com/bot.html)" "-"
130.185.74.243 - - [22/Jan/2019:03:58:50 +0330] "GET /filter/stexists,p8392,b80?page=1 HTTP/1.1" 200 29657 "-" "Mozilla/5.0 (Windows NT 6.1; rv:42.0) Gecko/20100101 Firefox/42.0" "-"
91.99.72.15 - - [22/Jan/2019:03:58:50 +0330] "GET /product/13016?model=21698 HTTP/1.1" 200 41277 "-" "Mozilla/5.0 (Windows NT 6.2; Win64; x64; rv:16.0)Gecko/16.0 Firefox/16.0" "-"
66.249.66.194 - - [22/Jan/2019:03:58:51 +0330] "GET /m/filter/b105,b113,b118,b126,b135,b136,b152,b168,b188,b192,b194,b209,b213,b215,b216,b217,b218,b221,b226,b249,b32,b35,b4,b400,b41,b435,b442,b454,b482,b523,b542,b548,b574,b597,b598,b6,b645,b648,b656,b67,b679,b703,b723,b724,b74,b820,b854,b88,b880,b95,b99,stexists HTTP/1.1" 200 26945 "-" "Mozilla/5.0 (Linux; Android 6.0.1; Nexus 5X Build/MMB29P) AppleWebKit/537.36 (KHTML, like Gecko) Chrome/41.0.2272.96 Mobile Safari/537.36 (compatible; Googlebot/2.1; +http://www.google.com/bot.html)" "-"
17.58.102.43 - - [22/Jan/2019:03:58:51 +0330] "GET /filter?f=b342%2Cb573%2Cb202%2Cb509%2Cb33%2Cb6%2Cb74&o=b HTTP/1.1" 302 0 "-" "Mozilla/5.0 (Macintosh; Intel Mac OS X 10_10_1) AppleWebKit/600.2.5 (KHTML, like Gecko) Version/8.0.2 Safari/600.2.5 (Applebot/0.1; +http://www.apple.com/go/applebot)" "-"
130.185.74.243 - - [22/Jan/2019:03:58:51 +0330] "GET /filter/stexists,p8392,b80?page=2 HTTP/1.1" 200 29657 "-" "Mozilla/5.0 (Windows NT 6.1; rv:42.0) Gecko/20100101 Firefox/42.0" "-"
66.249.66.194 - - [22/Jan/2019:03:58:51 +0330] "GET /m/product/8369/%D8%A8%D8%AE%D8%A7%D8%B1%DB%8C-%DA%AF%D8%A7%D8%B2%DB%8C-%D8%A8%D8%AF%D9%88%D9%86-%D8%AF%D9%88%D8%AF%DA%A9%D8%B4-%D9%BE%D9%84%D8%A7%D8%B1-%D9%85%D8%AF%D9%84-Polar-Gas-Heater-PN-3 HTTP/1.1" 200 20900 "-" "Mozilla/5.0 (Linux; Android 6.0.1; Nexus 5X Build/MMB29P) AppleWebKit/537.36 (KHTML, like Gecko) Chrome/41.0.2272.96 Mobile Safari/537.36 (compatible; Googlebot/2.1; +http://www.google.com/bot.html)" "-"
66.249.66.91 - - [22/Jan/2019:03:58:51 +0330] "GET /product/29622/59056/%D8%AA%D8%B4%DA%A9-%DB%8C%DA%A9-%D9%86%D9%81%D8%B1%D9%87-%D8%AE%D9%88%D8%B4%D8%AE%D9%88%D8%A7%D8%A8-%D9%85%D8%AF%D9%84-%D8%B3%D9%88%D9%BE%D8%B1-%DA%A9%D9%84%D8%A7%D8%B3-%D9%87%D8%A7%D8%B1%D8%AF-%D8%B3%D8%A7%DB%8C%D8%B2-120*200 HTTP/1.1" 200 43114 "-" "Mozilla/5.0 (compatible; Googlebot/2.1; +http://www.google.com/bot.html)" "-"
66.249.66.194 - - [22/Jan/2019:03:58:51 +0330] "GET /product/17699?model=34638 HTTP/1.1" 404 33559 "-" "Mozilla/5.0 (compatible; Googlebot/2.1; +http://www.google.com/bot.html)" "-"
91.99.72.15 - - [22/Jan/2019:03:58:52 +0330] "GET /product/33339/63978/%D8%AA%D9%88%D8%B3%D8%AA%D8%B1-%D9%85%DB%8C%D8%AF%DB%8C%D8%A7-%D9%85%D8%AF%D9%84-MG25CHB HTTP/1.1" 200 41727 "-" "Mozilla/5.0 (Windows NT 6.1; WOW64) AppleWebKit/535.7(KHTML, like Gecko) Chrome/16.0.912.36 Safari/535.7" "-"
130.185.74.243 - - [22/Jan/2019:03:58:52 +0330] "GET /filter/stexists,p8392,b80?page=3 HTTP/1.1" 200 29692 "-" "Mozilla/5.0 (Windows NT 6.1; rv:42.0) Gecko/20100101 Firefox/42.0" "-"
66.249.66.91 - - [22/Jan/2019:03:58:52 +0330] "GET /image/17017?name=17017.jpg&wh=200x200 HTTP/1.1" 200 3726 "-" "Googlebot-Image/1.0" "-"
207.46.13.136 - - [22/Jan/2019:03:58:52 +0330] "GET /filter/b19,b598,p6213 HTTP/1.1" 200 35545 "-" "Mozilla/5.0 (compatible; bingbot/2.0; +http://www.bing.com/bingbot.htm)" "-"
66.249.66.194 - - [22/Jan/2019:03:58:52 +0330] "GET /m/browse/walker/%D9%88%D8%A7%DA%A9%D8%B1 HTTP/1.1" 200 17980 "-" "Mozilla/5.0 (Linux; Android 6.0.1; Nexus 5X Build/MMB29P) AppleWebKit/537.36 (KHTML, like Gecko) Chrome/41.0.2272.96 Mobile Safari/537.36 (compatible; Googlebot/2.1; +http://www.google.com/bot.html)" "-"
91.99.72.15 - - [22/Jan/2019:03:58:52 +0330] "GET /product/32437/62798/%D8%AA%D9%84%D9%88%DB%8C%D8%B2%DB%8C%D9%88%D9%86-%D8%A7%D9%84-%D8%A7%DB%8C-%D8%AF%DB%8C-%D8%A7%DB%8C%DA%A9%D8%B3-%D9%88%DB%8C%DA%98%D9%86-%D9%85%D8%AF%D9%84-24XS2450 HTTP/1.1" 200 42772 "-" "Mozilla/5.0 (Macintosh; Intel Mac OS X 10_7_3) AppleWebKit/534.55.3 (KHTML, like Gecko) Version/5.1.3 Safari/534.53.10" "-"
66.249.66.194 - - [22/Jan/2019:03:58:52 +0330] "GET /m/article/223/%D8%A8%D9%87-%D8%B1%D8%A7%D8%AD%D8%AA%DB%8C-%D8%AF%D8%B1-%D9%85%D8%A7%DB%8C%DA%A9%D8%B1%D9%88%D9%88%DB%8C%D9%88-%D8%A2%D8%B4%D9%BE%D8%B2%DB%8C-%DA%A9%D9%86%DB%8C%D8%AF HTTP/1.1" 200 20003 "-" "Mozilla/5.0 (Linux; Android 6.0.1; Nexus 5X Build/MMB29P) AppleWebKit/537.36 (KHTML, like Gecko) Chrome/41.0.2272.96 Mobile Safari/537.36 (compatible; Googlebot/2.1; +http://www.google.com/bot.html)" "-"
130.185.74.243 - - [22/Jan/2019:03:58:53 +0330] "GET /filter/stexists,p8392,b80?page=4 HTTP/1.1" 200 29657 "-" "Mozilla/5.0 (Windows NT 6.1; rv:42.0) Gecko/20100101 Firefox/42.0" "-"
91.99.72.15 - - [22/Jan/2019:03:58:53 +0330] "GET /product/20904?model=45240 HTTP/1.1" 200 41756 "-" "Mozilla/5.0 (Windows NT 6.2; Win64; x64; rv:16.0)Gecko/16.0 Firefox/16.0" "-"
17.58.97.4 - - [22/Jan/2019:03:58:54 +0330] "GET /filter/b342%2Cb573%2Cb202%2Cb509%2Cb33%2Cb6%2Cb74 HTTP/1.1" 200 37899 "-" "Mozilla/5.0 (Macintosh; Intel Mac OS X 10_10_1) AppleWebKit/600.2.5 (KHTML, like Gecko) Version/8.0.2 Safari/600.2.5 (Applebot/0.1; +http://www.apple.com/go/applebot)" "-"
54.36.148.237 - - [22/Jan/2019:03:58:54 +0330] "GET /filter/p6385%2Cv1%7CBLACK%20LEATHER%2Cv1%7C%D9%85%D8%B4%DA%A9%DB%8C%20%D8%A2%D8%A8%DB%8C HTTP/1.1" 200 32621 "-" "Mozilla/5.0 (compatible; AhrefsBot/6.1; +http://ahrefs.com/robot/)" "-"
5.211.97.39 - - [22/Jan/2019:03:58:55 +0330] "GET /m/filter/p29%2Cb103 HTTP/1.1" 200 18945 "https://www.zanbil.ir/m/browse/mixer/%D9%87%D9%85%D8%B2%D9%86" "Mozilla/5.0 (iPhone; CPU iPhone OS 10_3_2 like Mac OS X) AppleWebKit/603.2.4 (KHTML, like Gecko) Version/10.0 Mobile/14F89 Safari/602.1" "-"
207.46.13.136 - - [22/Jan/2019:03:58:55 +0330] "GET /filter/b201,p6446 HTTP/1.1" 200 35773 "-" "Mozilla/5.0 (compatible; bingbot/2.0; +http://www.bing.com/bingbot.htm)" "-"
130.185.74.243 - - [22/Jan/2019:03:58:55 +0330] "GET /filter/stexists,p8391,b80 HTTP/1.1" 200 32350 "-" "Mozilla/5.0 (Windows NT 6.1; rv:42.0) Gecko/20100101 Firefox/42.0" "-"
5.211.97.39 - - [22/Jan/2019:03:58:55 +0330] "GET /settings/logo HTTP/1.1" 200 4120 "https://www.zanbil.ir/m/filter/p29%2Cb103" "Mozilla/5.0 (iPhone; CPU iPhone OS 10_3_2 like Mac OS X) AppleWebKit/603.2.4 (KHTML, like Gecko) Version/10.0 Mobile/14F89 Safari/602.1" "-"
5.211.97.39 - - [22/Jan/2019:03:58:55 +0330] "GET /image/2671/productModel/200x200 HTTP/1.1" 200 2856 "https://www.zanbil.ir/m/filter/p29%2Cb103" "Mozilla/5.0 (iPhone; CPU iPhone OS 10_3_2 like Mac OS X) AppleWebKit/603.2.4 (KHTML, like Gecko) Version/10.0 Mobile/14F89 Safari/602.1" "-"
5.211.97.39 - - [22/Jan/2019:03:58:55 +0330] "GET /image/2670/productModel/200x200 HTTP/1.1" 200 4048 "https://www.zanbil.ir/m/filter/p29%2Cb103" "Mozilla/5.0 (iPhone; CPU iPhone OS 10_3_2 like Mac OS X) AppleWebKit/603.2.4 (KHTML, like Gecko) Version/10.0 Mobile/14F89 Safari/602.1" "-"
5.211.97.39 - - [22/Jan/2019:03:58:55 +0330] "GET /image/38760/productModel/200x200 HTTP/1.1" 200 3873 "https://www.zanbil.ir/m/filter/p29%2Cb103" "Mozilla/5.0 (iPhone; CPU iPhone OS 10_3_2 like Mac OS X) AppleWebKit/603.2.4 (KHTML, like Gecko) Version/10.0 Mobile/14F89 Safari/602.1" "-"
5.211.97.39 - - [22/Jan/2019:03:58:55 +0330] "HEAD /amp_preconnect_polyfill_404_or_other_error_expected._Do_not_worry_about_it?1548117180000 HTTP/1.1" 404 0 "https://www.zanbil.ir/m/filter/p29%2Cb103" "Mozilla/5.0 (iPhone; CPU iPhone OS 10_3_2 like Mac OS X) AppleWebKit/603.2.4 (KHTML, like Gecko) Version/10.0 Mobile/14F89 Safari/602.1" "-"
5.211.97.39 - - [22/Jan/2019:03:58:55 +0330] "GET /image/44775/productModel/200x200 HTTP/1.1" 200 4119 "https://www.zanbil.ir/m/filter/p29%2Cb103" "Mozilla/5.0 (iPhone; CPU iPhone OS 10_3_2 like Mac OS X) AppleWebKit/603.2.4 (KHTML, like Gecko) Version/10.0 Mobile/14F89 Safari/602.1" "-"
66.249.66.91 - - [22/Jan/2019:03:58:55 +0330] "GET /filter/b481%2Cb226%2Cb570%2Cb598%2Cstexists%2Cb880%2Cb270%2Cb883%2Cb99%2Cb261%2Cb249%2Cb20%2Cb701%2Cb42%2Cb879%2Cb548%2Cb183%2Cb88%2Cb308%2Cb103%2Cb1%2Cb126%2Cb523%2Cb900%2Cb192%2Cb188%2Cb703%2Cb890%2Cb148%2Cb256%2Cb454%2Cb651%2Cb41%2Cb647%2Cb22%2Cb613%2Cb6%2Cb221%2Cb36%2Cb614%2Cb3%2Cb216%2Cb218%2Cb136%2Cb573%2Cb151%2Cb185%2Cb32%2Cb441%2Cb143%2Cb648%2Cb203%2Cb877%2Cb209%2Cb231%2Cb485%2Cb147?page=10 HTTP/1.1" 200 41569 "-" "Mozilla/5.0 (compatible; Googlebot/2.1; +http://www.google.com/bot.html)" "-"
5.211.97.39 - - [22/Jan/2019:03:58:55 +0330] "GET /image/2722/productModel/200x200 HTTP/1.1" 200 3911 "https://www.zanbil.ir/m/filter/p29%2Cb103" "Mozilla/5.0 (iPhone; CPU iPhone OS 10_3_2 like Mac OS X) AppleWebKit/603.2.4 (KHTML, like Gecko) Version/10.0 Mobile/14F89 Safari/602.1" "-"
5.211.97.39 - - [22/Jan/2019:03:58:55 +0330] "GET /image/38576/productModel/200x200 HTTP/1.1" 200 3835 "https://www.zanbil.ir/m/filter/p29%2Cb103" "Mozilla/5.0 (iPhone; CPU iPhone OS 10_3_2 like Mac OS X) AppleWebKit/603.2.4 (KHTML, like Gecko) Version/10.0 Mobile/14F89 Safari/602.1" "-"
52.7.238.253 - - [22/Jan/2019:03:58:55 +0330] "GET / HTTP/1.1" 301 178 "-" "Mozilla/5.0 (Windows NT 6.2; WOW64) AppleWebKit/537.36 (KHTML, like Gecko) Chrome/33.0.1750.154 Safari/537.36" "-"
5.211.97.39 - - [22/Jan/2019:03:58:56 +0330] "GET /image/2720/productModel/200x200 HTTP/1.1" 200 2347 "https://www.zanbil.ir/m/filter/p29%2Cb103" "Mozilla/5.0 (iPhone; CPU iPhone OS 10_3_2 like Mac OS X) AppleWebKit/603.2.4 (KHTML, like Gecko) Version/10.0 Mobile/14F89 Safari/602.1" "-"
5.211.97.39 - - [22/Jan/2019:03:58:56 +0330] "GET /image/38782/productModel/200x200 HTTP/1.1" 200 4234 "https://www.zanbil.ir/m/filter/p29%2Cb103" "Mozilla/5.0 (iPhone; CPU iPhone OS 10_3_2 like Mac OS X) AppleWebKit/603.2.4 (KHTML, like Gecko) Version/10.0 Mobile/14F89 Safari/602.1" "-"
51.15.15.54 - - [22/Jan/2019:03:58:57 +0330] "GET /blog/home-appliances/food-preparation/grinder/ HTTP/1.1" 200 19569 "-" "Barkrowler/0.9 (+http://www.exensa.com/crawl)" "-"
52.7.238.253 - - [22/Jan/2019:03:58:57 +0330] "GET / HTTP/1.1" 200 30731 "-" "Mozilla/5.0 (Windows NT 6.2; WOW64) AppleWebKit/537.36 (KHTML, like Gecko) Chrome/33.0.1750.154 Safari/537.36" "-"
31.56.96.51 - - [22/Jan/2019:03:58:57 +0330] "GET /image/57/productType/120x90 HTTP/1.1" 200 13720 "https://www.zanbil.ir/m/product/28821/57721/%DA%AF%D9%88%D8%B4%DB%8C-%D9%85%D9%88%D8%A8%D8%A7%DB%8C%D9%84-%D8%A7%D9%BE%D9%84-%D9%85%D8%AF%D9%84-iPhone-7-128GB" "Mozilla/5.0 (Linux; Android 6.0; ALE-L21 Build/HuaweiALE-L21) AppleWebKit/537.36 (KHTML, like Gecko) Chrome/66.0.3359.158 Mobile Safari/537.36" "-"
130.185.74.243 - - [22/Jan/2019:03:58:57 +0330] "GET /filter/stexists,p8391,b80?page=1 HTTP/1.1" 200 31013 "-" "Mozilla/5.0 (Windows NT 6.1; rv:42.0) Gecko/20100101 Firefox/42.0" "-"
31.56.96.51 - - [22/Jan/2019:03:58:57 +0330] "GET /image/31385/productType/120x90 HTTP/1.1" 200 17144 "https://www.zanbil.ir/m/product/28821/57721/%DA%AF%D9%88%D8%B4%DB%8C-%D9%85%D9%88%D8%A8%D8%A7%DB%8C%D9%84-%D8%A7%D9%BE%D9%84-%D9%85%D8%AF%D9%84-iPhone-7-128GB" "Mozilla/5.0 (Linux; Android 6.0; ALE-L21 Build/HuaweiALE-L21) AppleWebKit/537.36 (KHTML, like Gecko) Chrome/66.0.3359.158 Mobile Safari/537.36" "-"
5.211.97.39 - - [22/Jan/2019:03:58:57 +0330] "GET /image/2660/productModel/200x200 HTTP/1.1" 200 2432 "https://www.zanbil.ir/m/filter/p29%2Cb103" "Mozilla/5.0 (iPhone; CPU iPhone OS 10_3_2 like Mac OS X) AppleWebKit/603.2.4 (KHTML, like Gecko) Version/10.0 Mobile/14F89 Safari/602.1" "-"
5.211.97.39 - - [22/Jan/2019:03:58:57 +0330] "GET /image/2657/productModel/200x200 HTTP/1.1" 200 2591 "https://www.zanbil.ir/m/filter/p29%2Cb103" "Mozilla/5.0 (iPhone; CPU iPhone OS 10_3_2 like Mac OS X) AppleWebKit/603.2.4 (KHTML, like Gecko) Version/10.0 Mobile/14F89 Safari/602.1" "-"
66.111.54.249 - - [22/Jan/2019:03:58:57 +0330] "GET /m/filter/p3?page=2 HTTP/1.1" 200 20156 "https://www.zanbil.ir/m/filter/p3?page=1" "Mozilla/5.0 (Linux; Android 5.0; SM-G900H Build/LRX21T) AppleWebKit/537.36 (KHTML, like Gecko) Chrome/39.0.2171.93 Mobile Safari/537.36" "-"
66.249.66.194 - - [22/Jan/2019:03:58:57 +0330] "GET /m/browse/sewing-machine/%DA%86%D8%B1%D8%AE-%D8%AE%DB%8C%D8%A7%D8%B7%DB%8C HTTP/1.1" 200 18398 "-" "Mozilla/5.0 (Linux; Android 6.0.1; Nexus 5X Build/MMB29P) AppleWebKit/537.36 (KHTML, like Gecko) Chrome/41.0.2272.96 Mobile Safari/537.36 (compatible; Googlebot/2.1; +http://www.google.com/bot.html)" "-"
31.56.96.51 - - [22/Jan/2019:03:58:58 +0330] "GET /image/59/productType/120x90 HTTP/1.1" 200 12716 "https://www.zanbil.ir/m/product/28821/57721/%DA%AF%D9%88%D8%B4%DB%8C-%D9%85%D9%88%D8%A8%D8%A7%DB%8C%D9%84-%D8%A7%D9%BE%D9%84-%D9%85%D8%AF%D9%84-iPhone-7-128GB" "Mozilla/5.0 (Linux; Android 6.0; ALE-L21 Build/HuaweiALE-L21) AppleWebKit/537.36 (KHTML, like Gecko) Chrome/66.0.3359.158 Mobile Safari/537.36" "-"
66.249.66.91 - - [22/Jan/2019:03:58:58 +0330] "GET /filter/b481%2Cb874%2Cb32%2Cb67%2Cb36%2Cb226%2Cb41%2Cb136%2Cb570%2Cb598%2Cb180%2Cb615%2Cb168%2Cb648%2Cb103%2Cb80%2Cb213%2Cb597%2Cb724%2Cb613%2Cb135%2Cb877%2Cb183%2Cb497%2Cb435%2Cb194%2Cb861%2Cb256%2Cb854%2Cb198%2Cb647%2Cb679%2Cb88%2Cb441%2Cb6%2Cb221%2Cb645%2Cb219%2Cb50%2Cb151%2Cb192%2Cstexists%2Cb203?page=16 HTTP/1.1" 200 40727 "-" "Mozilla/5.0 (compatible; Googlebot/2.1; +http://www.google.com/bot.html)" "-"
207.46.13.136 - - [22/Jan/2019:03:58:58 +0330] "GET /product/29555/%D8%AA%D8%B4%DA%A9-%DB%8C%DA%A9-%D9%86%D9%81%D8%B1%D9%87-%D8%B1%D9%88%DB%8C%D8%A7-%D9%85%D8%AF%D9%84-%D9%85%D8%AF%DB%8C%DA%A9%D8%A7%D9%84-2-%D8%B3%D8%A7%DB%8C%D8%B2-90*200 HTTP/1.1" 200 43407 "-" "Mozilla/5.0 (iPhone; CPU iPhone OS 7_0 like Mac OS X) AppleWebKit/537.51.1 (KHTML, like Gecko) Version/7.0 Mobile/11A465 Safari/9537.53 (compatible; bingbot/2.0; +http://www.bing.com/bingbot.htm)" "-"
31.56.96.51 - - [22/Jan/2019:03:58:58 +0330] "GET /image/18781/productType/120x90 HTTP/1.1" 200 15705 "https://www.zanbil.ir/m/product/28821/57721/%DA%AF%D9%88%D8%B4%DB%8C-%D9%85%D9%88%D8%A8%D8%A7%DB%8C%D9%84-%D8%A7%D9%BE%D9%84-%D9%85%D8%AF%D9%84-iPhone-7-128GB" "Mozilla/5.0 (Linux; Android 6.0; ALE-L21 Build/HuaweiALE-L21) AppleWebKit/537.36 (KHTML, like Gecko) Chrome/66.0.3359.158 Mobile Safari/537.36" "-"
5.123.209.223 - - [22/Jan/2019:03:58:58 +0330] "GET /image/11700?name=z.jpg&wh=200x200 HTTP/1.1" 200 8742 "-" "Dalvik/2.1.0 (Linux; U; Android 7.1.1; SM-J250F Build/NMF26X)" "-"
66.249.66.91 - - [22/Jan/2019:03:58:58 +0330] "GET /filter/b481%2Cb226%2Cb570%2Cb598%2Cstexists%2Cb880%2Cb270%2Cb883%2Cb99%2Cb261%2Cb249%2Cb20%2Cb701%2Cb42%2Cb879%2Cb548%2Cb183%2Cb88%2Cb308%2Cb103%2Cb1%2Cb126%2Cb523%2Cb900%2Cb192%2Cb188%2Cb703%2Cb890%2Cb148%2Cb256%2Cb454%2Cb651%2Cb41%2Cb647%2Cb22%2Cb613%2Cb6%2Cb221%2Cb36%2Cb614%2Cb3%2Cb216%2Cb218%2Cb136%2Cb573%2Cb151%2Cb185%2Cb32%2Cb441%2Cb143%2Cb648%2Cb203%2Cb877%2Cb209%2Cb231%2Cb485%2Cb147?page=4 HTTP/1.1" 200 41489 "-" "Mozilla/5.0 (compatible; Googlebot/2.1; +http://www.google.com/bot.html)" "-"
66.249.66.194 - - [22/Jan/2019:03:58:58 +0330] "GET /m/filter/b1,b103,b126,b136,b143,b147,b148,b151,b183,b185,b188,b192,b20,b203,b209,b216,b218,b22,b221,b226,b231,b249,b256,b261,b270,b3,b308,b32,b36,b41,b42,b441,b454,b481,b485,b523,b548,b570,b573,b598,b6,b613,b614,b647,b648,b651,b701,b703,b877,b879,b88,b880,b883,b890,b900,b99,stexists HTTP/1.1" 200 27282 "-" "Mozilla/5.0 (Linux; Android 6.0.1; Nexus 5X Build/MMB29P) AppleWebKit/537.36 (KHTML, like Gecko) Chrome/41.0.2272.96 Mobile Safari/537.36 (compatible; Googlebot/2.1; +http://www.google.com/bot.html)" "-"
130.185.74.243 - - [22/Jan/2019:03:58:59 +0330] "GET /filter/stexists,p8391,b80?page=2 HTTP/1.1" 200 31013 "-" "Mozilla/5.0 (Windows NT 6.1; rv:42.0) Gecko/20100101 Firefox/42.0" "-"
66.249.66.194 - - [22/Jan/2019:03:58:59 +0330] "GET /m/product/30774/%D9%85%D8%A7%D8%B4%DB%8C%D9%86-%D8%B8%D8%B1%D9%81%D8%B4%D9%88%DB%8C%DB%8C-%D8%B1%D9%88%D9%85%DB%8C%D8%B2%DB%8C-%D9%BE%D8%A7%DA%A9%D8%B4%D9%88%D9%85%D8%A7-%D9%85%D8%AF%D9%84-Front-Control-Countertop-Dishwasher-DTP-80960 HTTP/1.1" 200 20457 "-" "Mozilla/5.0 (Linux; Android 6.0.1; Nexus 5X Build/MMB29P) AppleWebKit/537.36 (KHTML, like Gecko) Chrome/41.0.2272.96 Mobile Safari/537.36 (compatible; Googlebot/2.1; +http://www.google.com/bot.html)" "-"
54.36.148.57 - - [22/Jan/2019:03:59:00 +0330] "GET /filter/b142,p1,stexists HTTP/1.1" 200 36323 "-" "Mozilla/5.0 (compatible; AhrefsBot/6.1; +http://ahrefs.com/robot/)" "-"
66.249.66.91 - - [22/Jan/2019:03:59:00 +0330] "GET /filter/b481%2Cb874%2Cb32%2Cb67%2Cb36%2Cb226%2Cb41%2Cb136%2Cb570%2Cb598%2Cb180%2Cb615%2Cb168%2Cb648%2Cb103%2Cb80%2Cb213%2Cb597%2Cb724%2Cb613%2Cb135%2Cb877%2Cb183%2Cb497%2Cb435%2Cb194%2Cb861%2Cb256%2Cb854%2Cb198%2Cb647%2Cb679%2Cb88%2Cb441%2Cb6%2Cb221%2Cb645%2Cb219%2Cb50%2Cb151%2Cb192%2Cstexists%2Cb203?page=8 HTTP/1.1" 200 40750 "-" "Mozilla/5.0 (compatible; Googlebot/2.1; +http://www.google.com/bot.html)" "-"
66.249.66.194 - - [22/Jan/2019:03:59:00 +0330] "GET /product/24030 HTTP/1.1" 404 33631 "-" "Mozilla/5.0 (compatible; Googlebot/2.1; +http://www.google.com/bot.html)" "-"
89.47.79.75 - - [22/Jan/2019:03:59:00 +0330] "GET /image/8739/specialSale?role=e1 HTTP/1.1" 200 11 "https://www.zanbil.ir/" "Mozilla/5.0 (Windows NT 6.3; Win64; x64) AppleWebKit/537.36 (KHTML, like Gecko) Chrome/71.0.3578.98 Safari/537.36" "-"
89.47.79.75 - - [22/Jan/2019:03:59:00 +0330] "GET /image/8739/specialSale?role=e2 HTTP/1.1" 200 11 "https://www.zanbil.ir/" "Mozilla/5.0 (Windows NT 6.3; Win64; x64) AppleWebKit/537.36 (KHTML, like Gecko) Chrome/71.0.3578.98 Safari/537.36" "-"
89.47.79.75 - - [22/Jan/2019:03:59:00 +0330] "GET /image/8739/specialSale?role=e3 HTTP/1.1" 200 11 "https://www.zanbil.ir/" "Mozilla/5.0 (Windows NT 6.3; Win64; x64) AppleWebKit/537.36 (KHTML, like Gecko) Chrome/71.0.3578.98 Safari/537.36" "-"
66.249.66.91 - - [22/Jan/2019:03:59:00 +0330] "GET /image/60566/productModel/150x150 HTTP/1.1" 200 4040 "-" "Googlebot-Image/1.0" "-"
130.185.74.243 - - [22/Jan/2019:03:59:01 +0330] "GET /filter/stexists,p8391,b80?page=3 HTTP/1.1" 200 31013 "-" "Mozilla/5.0 (Windows NT 6.1; rv:42.0) Gecko/20100101 Firefox/42.0" "-"
207.46.13.136 - - [22/Jan/2019:03:59:01 +0330] "GET /filter/b1,b136,b36,b45,p51 HTTP/1.1" 200 36049 "-" "Mozilla/5.0 (compatible; bingbot/2.0; +http://www.bing.com/bingbot.htm)" "-"
66.249.66.91 - - [22/Jan/2019:03:59:02 +0330] "GET /filter/b481%2Cb226%2Cb570%2Cb80%2Cb270%2Cb903%2Cb883%2Cb99%2Cb152%2Cb249%2Cb20%2Cb701%2Cb723%2Cb42%2Cb198%2Cb35%2Cb183%2Cb219%2Cb308%2Cb126%2Cb523%2Cb900%2Cb188%2Cb703%2Cb890%2Cb148%2Cb236%2Cb256%2Cb74%2Cb400%2Cb209%2Cb19%2Cb651%2Cb202%2Cb4%2Cb22%2Cb238%2Cb6%2Cb596%2Cb143%2Cb877%2Cb485%2Cb221%2Cb194%2Cb136%2Cb647%2Cb497%2Cb546%2Cb105%2Cb185%2Cb95%2Cb568%2Cb151%2Cb88%2Cb597%2Cb820%2Cb103%2Cb613%2Cb880%2Cb36%2Cb212%2Cb542%2Cb213%2Cb482?page=170 HTTP/1.1" 200 39943 "-" "Mozilla/5.0 (compatible; Googlebot/2.1; +http://www.google.com/bot.html)" "-"
207.46.13.104 - - [22/Jan/2019:03:59:02 +0330] "GET /image/get?path=/Image/12(34).jpg HTTP/1.1" 200 11359 "-" "Mozilla/5.0 (compatible; bingbot/2.0; +http://www.bing.com/bingbot.htm)" "-"
130.185.74.243 - - [22/Jan/2019:03:59:02 +0330] "GET /filter/stexists,p8391,b80?page=4 HTTP/1.1" 200 31013 "-" "Mozilla/5.0 (Windows NT 6.1; rv:42.0) Gecko/20100101 Firefox/42.0" "-"
66.249.66.194 - - [22/Jan/2019:03:59:03 +0330] "GET /product/77690 HTTP/1.1" 404 33631 "-" "Mozilla/5.0 (compatible; Googlebot/2.1; +http://www.google.com/bot.html)" "-"
91.251.165.118 - - [22/Jan/2019:03:59:03 +0330] "GET /m/filter/p2597?page=1 HTTP/1.1" 200 19024 "https://www-zanbil-ir.cdn.ampproject.org/" "Mozilla/5.0 (iPhone; CPU iPhone OS 12_1_2 like Mac OS X) AppleWebKit/605.1.15 (KHTML, like Gecko) Version/12.0 Mobile/15E148 Safari/604.1" "-"
172.20.2.174 - - [22/Jan/2019:03:59:03 +0330] "GET /site/ping HTTP/1.1" 200 4 "-" "-" "-"
66.249.66.91 - - [22/Jan/2019:03:59:03 +0330] "GET /filter/b874%2Cb32%2Cb63%2Cb99%2Cb126%2Cb820%2Cb249%2Cb3%2Cb148%2Cb724%2Cb613%2Cb183%2Cb213%2Cb484%2Cb224%2Cb734%2Cb20%2Cb95%2Cb542%2Cb212%2Cb485%2Cb523%2Cb221%2Cb118%2Cb186%2Cb67?page=8 HTTP/1.1" 200 39762 "-" "Mozilla/5.0 (compatible; Googlebot/2.1; +http://www.google.com/bot.html)" "-"
91.251.165.118 - - [22/Jan/2019:03:59:04 +0330] "GET /settings/logo HTTP/1.1" 200 4120 "https://www.zanbil.ir/m/filter/p2597?page=1" "Mozilla/5.0 (iPhone; CPU iPhone OS 12_1_2 like Mac OS X) AppleWebKit/605.1.15 (KHTML, like Gecko) Version/12.0 Mobile/15E148 Safari/604.1" "-"
91.251.165.118 - - [22/Jan/2019:03:59:04 +0330] "GET /static/images/guarantees/goodShopping.png HTTP/1.1" 200 6496 "https://www.zanbil.ir/m/filter/p2597?page=1" "Mozilla/5.0 (iPhone; CPU iPhone OS 12_1_2 like Mac OS X) AppleWebKit/605.1.15 (KHTML, like Gecko) Version/12.0 Mobile/15E148 Safari/604.1" "-"
91.251.165.118 - - [22/Jan/2019:03:59:04 +0330] "GET /static/images/guarantees/warranty.png HTTP/1.1" 200 5807 "https://www.zanbil.ir/m/filter/p2597?page=1" "Mozilla/5.0 (iPhone; CPU iPhone OS 12_1_2 like Mac OS X) AppleWebKit/605.1.15 (KHTML, like Gecko) Version/12.0 Mobile/15E148 Safari/604.1" "-"
91.251.165.118 - - [22/Jan/2019:03:59:04 +0330] "GET /static/images/guarantees/support.png HTTP/1.1" 200 6454 "https://www.zanbil.ir/m/filter/p2597?page=1" "Mozilla/5.0 (iPhone; CPU iPhone OS 12_1_2 like Mac OS X) AppleWebKit/605.1.15 (KHTML, like Gecko) Version/12.0 Mobile/15E148 Safari/604.1" "-"
91.251.165.118 - - [22/Jan/2019:03:59:04 +0330] "GET /static/css/font/wyekan/font.woff HTTP/1.1" 200 28536 "https://www.zanbil.ir/m/filter/p2597?page=1" "Mozilla/5.0 (iPhone; CPU iPhone OS 12_1_2 like Mac OS X) AppleWebKit/605.1.15 (KHTML, like Gecko) Version/12.0 Mobile/15E148 Safari/604.1" "-"
91.251.165.118 - - [22/Jan/2019:03:59:04 +0330] "GET /static/images/guarantees/bestPrice.png HTTP/1.1" 200 7356 "https://www.zanbil.ir/m/filter/p2597?page=1" "Mozilla/5.0 (iPhone; CPU iPhone OS 12_1_2 like Mac OS X) AppleWebKit/605.1.15 (KHTML, like Gecko) Version/12.0 Mobile/15E148 Safari/604.1" "-"
91.251.165.118 - - [22/Jan/2019:03:59:04 +0330] "GET /static/images/guarantees/fastDelivery.png HTTP/1.1" 200 7713 "https://www.zanbil.ir/m/filter/p2597?page=1" "Mozilla/5.0 (iPhone; CPU iPhone OS 12_1_2 like Mac OS X) AppleWebKit/605.1.15 (KHTML, like Gecko) Version/12.0 Mobile/15E148 Safari/604.1" "-"
66.249.66.91 - - [22/Jan/2019:03:59:04 +0330] "GET /image/15133?name=q3888p.jpg&wh=200x200 HTTP/1.1" 200 5272 "-" "Googlebot-Image/1.0" "-"
91.251.165.118 - - [22/Jan/2019:03:59:04 +0330] "GET /image/56822/productModel/200x200 HTTP/1.1" 200 2179 "https://www.zanbil.ir/m/filter/p2597?page=1" "Mozilla/5.0 (iPhone; CPU iPhone OS 12_1_2 like Mac OS X) AppleWebKit/605.1.15 (KHTML, like Gecko) Version/12.0 Mobile/15E148 Safari/604.1" "-"
91.251.165.118 - - [22/Jan/2019:03:59:04 +0330] "GET /image/56742/productModel/200x200 HTTP/1.1" 200 3897 "https://www.zanbil.ir/m/filter/p2597?page=1" "Mozilla/5.0 (iPhone; CPU iPhone OS 12_1_2 like Mac OS X) AppleWebKit/605.1.15 (KHTML, like Gecko) Version/12.0 Mobile/15E148 Safari/604.1" "-"
91.251.165.118 - - [22/Jan/2019:03:59:04 +0330] "GET /image/61567/productModel/200x200 HTTP/1.1" 200 2972 "https://www.zanbil.ir/m/filter/p2597?page=1" "Mozilla/5.0 (iPhone; CPU iPhone OS 12_1_2 like Mac OS X) AppleWebKit/605.1.15 (KHTML, like Gecko) Version/12.0 Mobile/15E148 Safari/604.1" "-"
91.251.165.118 - - [22/Jan/2019:03:59:04 +0330] "GET /image/983/mainSlideMobile HTTP/1.1" 200 67261 "https://www.zanbil.ir/m/filter/p2597?page=1" "Mozilla/5.0 (iPhone; CPU iPhone OS 12_1_2 like Mac OS X) AppleWebKit/605.1.15 (KHTML, like Gecko) Version/12.0 Mobile/15E148 Safari/604.1" "-"
91.251.165.118 - - [22/Jan/2019:03:59:04 +0330] "GET /image/56798/productModel/200x200 HTTP/1.1" 200 2855 "https://www.zanbil.ir/m/filter/p2597?page=1" "Mozilla/5.0 (iPhone; CPU iPhone OS 12_1_2 like Mac OS X) AppleWebKit/605.1.15 (KHTML, like Gecko) Version/12.0 Mobile/15E148 Safari/604.1" "-"
130.185.74.243 - - [22/Jan/2019:03:59:04 +0330] "GET /filter/stexists,p8391,b80?page=5 HTTP/1.1" 200 31013 "-" "Mozilla/5.0 (Windows NT 6.1; rv:42.0) Gecko/20100101 Firefox/42.0" "-"
91.251.165.118 - - [22/Jan/2019:03:59:04 +0330] "GET /image/57079/productModel/200x200 HTTP/1.1" 200 4391 "https://www.zanbil.ir/m/filter/p2597?page=1" "Mozilla/5.0 (iPhone; CPU iPhone OS 12_1_2 like Mac OS X) AppleWebKit/605.1.15 (KHTML, like Gecko) Version/12.0 Mobile/15E148 Safari/604.1" "-"
91.251.165.118 - - [22/Jan/2019:03:59:04 +0330] "GET /image/57000/productModel/200x200 HTTP/1.1" 200 3886 "https://www.zanbil.ir/m/filter/p2597?page=1" "Mozilla/5.0 (iPhone; CPU iPhone OS 12_1_2 like Mac OS X) AppleWebKit/605.1.15 (KHTML, like Gecko) Version/12.0 Mobile/15E148 Safari/604.1" "-"
91.251.165.118 - - [22/Jan/2019:03:59:04 +0330] "GET /image/135/brand HTTP/1.1" 200 2631 "https://www.zanbil.ir/m/filter/p2597?page=1" "Mozilla/5.0 (iPhone; CPU iPhone OS 12_1_2 like Mac OS X) AppleWebKit/605.1.15 (KHTML, like Gecko) Version/12.0 Mobile/15E148 Safari/604.1" "-"
91.251.165.118 - - [22/Jan/2019:03:59:04 +0330] "GET /image/399/brand HTTP/1.1" 200 2302 "https://www.zanbil.ir/m/filter/p2597?page=1" "Mozilla/5.0 (iPhone; CPU iPhone OS 12_1_2 like Mac OS X) AppleWebKit/605.1.15 (KHTML, like Gecko) Version/12.0 Mobile/15E148 Safari/604.1" "-"
91.251.165.118 - - [22/Jan/2019:03:59:05 +0330] "GET /image/421/productTypeType HTTP/1.1" 200 11551 "https://www.zanbil.ir/m/filter/p2597?page=1" "Mozilla/5.0 (iPhone; CPU iPhone OS 12_1_2 like Mac OS X) AppleWebKit/605.1.15 (KHTML, like Gecko) Version/12.0 Mobile/15E148 Safari/604.1" "-"
91.251.165.118 - - [22/Jan/2019:03:59:05 +0330] "GET /image/422/productTypeType HTTP/1.1" 200 11276 "https://www.zanbil.ir/m/filter/p2597?page=1" "Mozilla/5.0 (iPhone; CPU iPhone OS 12_1_2 like Mac OS X) AppleWebKit/605.1.15 (KHTML, like Gecko) Version/12.0 Mobile/15E148 Safari/604.1" "-"
91.251.165.118 - - [22/Jan/2019:03:59:05 +0330] "GET /image/148/brand HTTP/1.1" 200 2490 "https://www.zanbil.ir/m/filter/p2597?page=1" "Mozilla/5.0 (iPhone; CPU iPhone OS 12_1_2 like Mac OS X) AppleWebKit/605.1.15 (KHTML, like Gecko) Version/12.0 Mobile/15E148 Safari/604.1" "-"
66.249.66.194 - - [22/Jan/2019:03:59:05 +0330] "GET /m/filter/b218,b58 HTTP/1.1" 200 21810 "-" "Mozilla/5.0 (Linux; Android 6.0.1; Nexus 5X Build/MMB29P) AppleWebKit/537.36 (KHTML, like Gecko) Chrome/41.0.2272.96 Mobile Safari/537.36 (compatible; Googlebot/2.1; +http://www.google.com/bot.html)" "-"
66.111.54.249 - - [22/Jan/2019:03:59:05 +0330] "GET /settings/logo HTTP/1.1" 200 4120 "https://www.zanbil.ir/m/filter/p3?page=2" "Mozilla/5.0 (Linux; Android 5.0; SM-G900H Build/LRX21T) AppleWebKit/537.36 (KHTML, like Gecko) Chrome/39.0.2171.93 Mobile Safari/537.36" "-"
91.251.165.118 - - [22/Jan/2019:03:59:05 +0330] "GET /image/219/brand HTTP/1.1" 200 2206 "https://www.zanbil.ir/m/filter/p2597?page=1" "Mozilla/5.0 (iPhone; CPU iPhone OS 12_1_2 like Mac OS X) AppleWebKit/605.1.15 (KHTML, like Gecko) Version/12.0 Mobile/15E148 Safari/604.1" "-"
91.251.165.118 - - [22/Jan/2019:03:59:05 +0330] "GET /image/231/brand HTTP/1.1" 200 2568 "https://www.zanbil.ir/m/filter/p2597?page=1" "Mozilla/5.0 (iPhone; CPU iPhone OS 12_1_2 like Mac OS X) AppleWebKit/605.1.15 (KHTML, like Gecko) Version/12.0 Mobile/15E148 Safari/604.1" "-"
91.251.165.118 - - [22/Jan/2019:03:59:05 +0330] "GET /image/168/brand HTTP/1.1" 200 2398 "https://www.zanbil.ir/m/filter/p2597?page=1" "Mozilla/5.0 (iPhone; CPU iPhone OS 12_1_2 like Mac OS X) AppleWebKit/605.1.15 (KHTML, like Gecko) Version/12.0 Mobile/15E148 Safari/604.1" "-"
91.251.165.118 - - [22/Jan/2019:03:59:05 +0330] "GET /image/423/productTypeType HTTP/1.1" 200 11263 "https://www.zanbil.ir/m/filter/p2597?page=1" "Mozilla/5.0 (iPhone; CPU iPhone OS 12_1_2 like Mac OS X) AppleWebKit/605.1.15 (KHTML, like Gecko) Version/12.0 Mobile/15E148 Safari/604.1" "-"
91.251.165.118 - - [22/Jan/2019:03:59:05 +0330] "GET /favicon.ico HTTP/1.1" 200 0 "https://www.zanbil.ir/m/filter/p2597?page=1" "Mozilla/5.0 (iPhone; CPU iPhone OS 12_1_2 like Mac OS X) AppleWebKit/605.1.15 (KHTML, like Gecko) Version/12.0 Mobile/15E148 Safari/604.1" "-"
91.251.165.118 - - [22/Jan/2019:03:59:05 +0330] "GET /image/424/productTypeType HTTP/1.1" 200 11369 "https://www.zanbil.ir/m/filter/p2597?page=1" "Mozilla/5.0 (iPhone; CPU iPhone OS 12_1_2 like Mac OS X) AppleWebKit/605.1.15 (KHTML, like Gecko) Version/12.0 Mobile/15E148 Safari/604.1" "-"
66.111.54.249 - - [22/Jan/2019:03:59:05 +0330] "GET /discountLabel/get/3?type=mobileSmallIcon HTTP/1.1" 200 4336 "https://www.zanbil.ir/m/filter/p3?page=2" "Mozilla/5.0 (Linux; Android 5.0; SM-G900H Build/LRX21T) AppleWebKit/537.36 (KHTML, like Gecko) Chrome/39.0.2171.93 Mobile Safari/537.36" "-"
66.249.66.194 - - [22/Jan/2019:03:59:05 +0330] "GET /m/filter/b105,b113,b118,b126,b135,b136,b152,b168,b188,b192,b194,b213,b215,b216,b217,b218,b221,b226,b249,b258,b32,b35,b400,b41,b435,b442,b454,b482,b523,b542,b548,b574,b597,b598,b6,b645,b648,b656,b67,b679,b703,b723,b724,b74,b820,b854,b88,b880,b95,b99,stexists HTTP/1.1" 200 26528 "-" "Mozilla/5.0 (Linux; Android 6.0.1; Nexus 5X Build/MMB29P) AppleWebKit/537.36 (KHTML, like Gecko) Chrome/41.0.2272.96 Mobile Safari/537.36 (compatible; Googlebot/2.1; +http://www.google.com/bot.html)" "-"
66.249.66.194 - - [22/Jan/2019:03:59:05 +0330] "GET /m/filter/b103,b105,b113,b126,b135,b136,b143,b148,b151,b152,b183,b185,b186,b188,b19,b194,b198,b20,b202,b209,b212,b219,b22,b221,b226,b236,b238,b249,b270,b308,b35,b4,b400,b42,b43,b454,b481,b485,b497,b523,b546,b568,b570,b584,b596,b597,b6,b613,b647,b651,b701,b703,b723,b724,b74,b778,b80,b861,b877,b88,b880,b883,b890,b900,b903,b99 HTTP/1.1" 200 27852 "-" "Mozilla/5.0 (Linux; Android 6.0.1; Nexus 5X Build/MMB29P) AppleWebKit/537.36 (KHTML, like Gecko) Chrome/41.0.2272.96 Mobile Safari/537.36 (compatible; Googlebot/2.1; +http://www.google.com/bot.html)" "-"
66.249.66.195 - - [22/Jan/2019:03:59:05 +0330] "GET /search?f=p0&phrase=%D8%A7%D8%AA%D9%88+%D9%85%D8%B3%D8%A7%D9%81%D8%B1%D8%AA%DB%8C HTTP/1.1" 301 178 "-" "Mozilla/5.0 (compatible; Googlebot/2.1; +http://www.google.com/bot.html)" "-"
207.46.13.104 - - [22/Jan/2019:03:59:05 +0330] "GET /filter/b281%2Cb80 HTTP/1.1" 200 36663 "-" "Mozilla/5.0 (compatible; bingbot/2.0; +http://www.bing.com/bingbot.htm)" "-"
5.115.54.117 - - [22/Jan/2019:03:59:06 +0330] "GET /m/browse/fryer/%D8%B3%D8%B1%D8%AE-%DA%A9%D9%86 HTTP/1.1" 200 19070 "https://www.google.com/search?q=%D8%B3%D8%B1%D8%AE+%DA%A9%D9%86&ie=utf-8&oe=utf-8&client=firefox-b" "Mozilla/5.0 (Android 8.0.0; Mobile; rv:62.0) Gecko/62.0 Firefox/62.0" "-"
66.111.54.249 - - [22/Jan/2019:03:59:06 +0330] "GET /image/56504/productModel/200x200 HTTP/1.1" 200 2967 "https://www.zanbil.ir/m/filter/p3?page=2" "Mozilla/5.0 (Linux; Android 5.0; SM-G900H Build/LRX21T) AppleWebKit/537.36 (KHTML, like Gecko) Chrome/39.0.2171.93 Mobile Safari/537.36" "-"
91.251.165.118 - - [22/Jan/2019:03:59:06 +0330] "GET /image/56893/productModel/200x200 HTTP/1.1" 200 3818 "https://www.zanbil.ir/m/filter/p2597?page=1" "Mozilla/5.0 (iPhone; CPU iPhone OS 12_1_2 like Mac OS X) AppleWebKit/605.1.15 (KHTML, like Gecko) Version/12.0 Mobile/15E148 Safari/604.1" "-"
91.251.165.118 - - [22/Jan/2019:03:59:06 +0330] "GET /image/57070/productModel/200x200 HTTP/1.1" 200 2894 "https://www.zanbil.ir/m/filter/p2597?page=1" "Mozilla/5.0 (iPhone; CPU iPhone OS 12_1_2 like Mac OS X) AppleWebKit/605.1.15 (KHTML, like Gecko) Version/12.0 Mobile/15E148 Safari/604.1" "-"
91.251.165.118 - - [22/Jan/2019:03:59:06 +0330] "GET /image/57072/productModel/200x200 HTTP/1.1" 200 3263 "https://www.zanbil.ir/m/filter/p2597?page=1" "Mozilla/5.0 (iPhone; CPU iPhone OS 12_1_2 like Mac OS X) AppleWebKit/605.1.15 (KHTML, like Gecko) Version/12.0 Mobile/15E148 Safari/604.1" "-"
66.111.54.249 - - [22/Jan/2019:03:59:06 +0330] "GET /image/64841/productModel/200x200 HTTP/1.1" 200 2555 "https://www.zanbil.ir/m/filter/p3?page=2" "Mozilla/5.0 (Linux; Android 5.0; SM-G900H Build/LRX21T) AppleWebKit/537.36 (KHTML, like Gecko) Chrome/39.0.2171.93 Mobile Safari/537.36" "-"
66.111.54.249 - - [22/Jan/2019:03:59:06 +0330] "GET /image/64549/productModel/200x200 HTTP/1.1" 200 2640 "https://www.zanbil.ir/m/filter/p3?page=2" "Mozilla/5.0 (Linux; Android 5.0; SM-G900H Build/LRX21T) AppleWebKit/537.36 (KHTML, like Gecko) Chrome/39.0.2171.93 Mobile Safari/537.36" "-"
66.111.54.249 - - [22/Jan/2019:03:59:06 +0330] "GET /image/65319/productModel/200x200 HTTP/1.1" 200 2847 "https://www.zanbil.ir/m/filter/p3?page=2" "Mozilla/5.0 (Linux; Android 5.0; SM-G900H Build/LRX21T) AppleWebKit/537.36 (KHTML, like Gecko) Chrome/39.0.2171.93 Mobile Safari/537.36" "-"
91.251.165.118 - - [22/Jan/2019:03:59:06 +0330] "GET /image/56983/productModel/200x200 HTTP/1.1" 200 3285 "https://www.zanbil.ir/m/filter/p2597?page=1" "Mozilla/5.0 (iPhone; CPU iPhone OS 12_1_2 like Mac OS X) AppleWebKit/605.1.15 (KHTML, like Gecko) Version/12.0 Mobile/15E148 Safari/604.1" "-"
66.111.54.249 - - [22/Jan/2019:03:59:06 +0330] "GET /image/60744/productModel/200x200 HTTP/1.1" 200 2497 "https://www.zanbil.ir/m/filter/p3?page=2" "Mozilla/5.0 (Linux; Android 5.0; SM-G900H Build/LRX21T) AppleWebKit/537.36 (KHTML, like Gecko) Chrome/39.0.2171.93 Mobile Safari/537.36" "-"
130.185.74.243 - - [22/Jan/2019:03:59:06 +0330] "GET /filter/stexists,p8391,b80?page=6 HTTP/1.1" 200 31013 "-" "Mozilla/5.0 (Windows NT 6.1; rv:42.0) Gecko/20100101 Firefox/42.0" "-"
